     VMA      LMA     Size Align Out     In      Symbol
       0        0       24     4 .text
       0        0       24     4         /home/monibahmed/exploration/riscv-rust/projects/hello-world/target/riscv32i-unknown-none-elf/release/deps/picorv32_hello_world-23ece6cf82ab1486.picorv32_hello_world.354e62358dee8fbd-cgu.0.rcgu.o:(.text._start)
       0        0        0     1                 .L0 
       0        0        0     1                 $x
       0        0       24     1                 _start
      24       24        0     1                 .L0 
      24       24        0     1         . = ALIGN(4)
      24       24       28     1 .rodata
      24       24       25     1         /home/monibahmed/exploration/riscv-rust/projects/hello-world/target/riscv32i-unknown-none-elf/release/deps/picorv32_hello_world-23ece6cf82ab1486.picorv32_hello_world.354e62358dee8fbd-cgu.0.rcgu.o:(.rodata..Lanon.b6f243683c291cf4d1ba3587780d0186.0)
      24       24       25     1                 .Lanon.b6f243683c291cf4d1ba3587780d0186.0
      24       24        0     1                 $d
      49       49        3     1         . = ALIGN(4)
      4c       4c        0     1 .data
      4c       4c        0     1         . = ALIGN(4)
      4c       4c        0     1 .bss
      4c       4c        0     1         _bss_start = .
      4c       4c        0     1         . = ALIGN(4)
      4c       4c        0     1         _bss_end = .
      4c       4c        0     1 _stack_start = ORIGIN(RAM) + LENGTH(RAM)
       0        0       8b     1 .comment
       0        0       8b     1         <internal>:(.comment)
       0        0       1c     1 .riscv.attributes
       0        0       1c     1         <internal>:(.riscv.attributes)
       0        0      100     4 .symtab
       0        0      100     4         <internal>:(.symtab)
       0        0       4f     1 .shstrtab
       0        0       4f     1         <internal>:(.shstrtab)
       0        0       a0     1 .strtab
       0        0       a0     1         <internal>:(.strtab)
